// Jest Snapshot v1, https://goo.gl/fbAQLP

exports[`<Footer /> should match snapshot 1`] = `
.c1 {
  max-width: 1200px;
  margin: 0 auto;
  padding: 3.2rem;
}

.c2 {
  font-size: 2.4rem;
}

.c0 {
  text-align: center;
}

.c0 a {
  color: inherit;
  -webkit-text-decoration: none;
  text-decoration: none;
  font-size: 1.6rem;
}

<footer
  class="c0"
>
  <div
    class="c1"
  >
    <div
      class="c2"
    >
      <h2>
        Footer
      </h2>
      <h2 />
    </div>
  </div>
</footer>
`;
